// Jest Snapshot v1, https://goo.gl/fbAQLP

exports[`Button - rendering should match snapshot 1`] = `
<button
  className="ruilb-button inverted"
  onClick={[MockFunction]}
>
  Test button
</button>
`;
